// Jest Snapshot v1, https://goo.gl/fbAQLP

exports[`should transform markdown as json 1`] = `
Object {
  "body": Object {
    "children": Array [
      Object {
        "children": Array [
          Object {
            "children": Array [
              Object {
                "children": undefined,
                "props": Object {
                  "class": "icon icon-link",
                },
                "tag": "span",
              },
            ],
            "props": Object {
              "aria-hidden": "true",
              "href": "#test",
            },
            "tag": "a",
          },
          "Test",
        ],
        "props": Object {
          "id": "test",
        },
        "tag": "h2",
      },
      "
",
      Object {
        "children": Array [
          Object {
            "children": Array [
              "link",
            ],
            "props": Object {
              "href": "href",
            },
            "tag": "a",
          },
        ],
        "props": undefined,
        "tag": "p",
      },
      "
",
      Object {
        "children": Array [
          Object {
            "children": Array [
              Object {
                "children": Array [
                  "console",
                ],
                "props": Object {
                  "class": "hljs-built_in",
                },
                "tag": "span",
              },
              ".log(",
              Object {
                "children": Array [
                  "window",
                ],
                "props": Object {
                  "class": "hljs-built_in",
                },
                "tag": "span",
              },
              ")",
            ],
            "props": Object {
              "class": "hljs language-js",
            },
            "tag": "code",
          },
        ],
        "props": undefined,
        "tag": "pre",
      },
    ],
    "props": undefined,
    "tag": "div",
  },
  "headings": Array [
    Object {
      "id": "test",
      "level": 2,
      "text": "Test",
    },
  ],
  "test": "a",
  "test2": "b",
  "title": undefined,
}
`;
